[INFO] Scanning for projects...
[INFO] 
[INFO] ------------------< com.kalibyte:FoundryApplication >-------------------
[INFO] Building Foundry Application 0.0.1-SNAPSHOT
[INFO]   from pom.xml
[INFO] --------------------------------[ jar ]---------------------------------
[INFO] 
[INFO] >>> spring-boot:4.0.3:run (default-cli) > test-compile @ FoundryApplication >>>
[INFO] 
[INFO] --- resources:3.3.1:resources (default-resources) @ FoundryApplication ---
[INFO] Copying 3 resources from src\main\resources to target\classes
[INFO] Copying 22 resources from src\main\resources to target\classes
[INFO] 
[INFO] --- compiler:3.11.0:compile (default-compile) @ FoundryApplication ---
[INFO] Nothing to compile - all classes are up to date
[INFO] 
[INFO] --- resources:3.3.1:testResources (default-testResources) @ FoundryApplication ---
[INFO] skip non existing resourceDirectory C:\Foundry_ERP\Foundry_Single_ERP\src\test\resources
[INFO] 
[INFO] --- compiler:3.11.0:testCompile (default-testCompile) @ FoundryApplication ---
[INFO] No sources to compile
[INFO] 
[INFO] <<< spring-boot:4.0.3:run (default-cli) < test-compile @ FoundryApplication <<<
[INFO] 
[INFO] 
[INFO] --- spring-boot:4.0.3:run (default-cli) @ FoundryApplication ---
[INFO] Attaching agents: []

  .   ____          _            __ _ _
 /\\ / ___'_ __ _ _(_)_ __  __ _ \ \ \ \
( ( )\___ | '_ | '_| | '_ \/ _` | \ \ \ \
 \\/  ___)| |_)| | | | | || (_| |  ) ) ) )
  '  |____| .__|_| |_|_| |_\__, | / / / /
 =========|_|==============|___/=/_/_/_/

 :: Spring Boot ::                (v4.0.3)

2026-03-27T12:07:28.251+05:30  INFO 17200 --- [FoundryApplication] [           main] c.kalibyte.foundry.FoundryApplication    : Starting FoundryApplication using Java 21.0.10 with PID 17200 (C:\Foundry_ERP\Foundry_Single_ERP\target\classes started by sushi in C:\Foundry_ERP\Foundry_Single_ERP)
2026-03-27T12:07:28.260+05:30  INFO 17200 --- [FoundryApplication] [           main] c.kalibyte.foundry.FoundryApplication    : No active profile set, falling back to 1 default profile: "default"
2026-03-27T12:07:29.300+05:30  INFO 17200 --- [FoundryApplication] [           main] .s.d.r.c.RepositoryConfigurationDelegate : Bootstrapping Spring Data JPA repositories in DEFAULT mode.
2026-03-27T12:07:29.631+05:30  INFO 17200 --- [FoundryApplication] [           main] .s.d.r.c.RepositoryConfigurationDelegate : Finished Spring Data repository scanning in 323 ms. Found 39 JPA repository interfaces.
2026-03-27T12:07:30.301+05:30  INFO 17200 --- [FoundryApplication] [           main] o.s.boot.tomcat.TomcatWebServer          : Tomcat initialized with port 8081 (http)
2026-03-27T12:07:30.311+05:30  INFO 17200 --- [FoundryApplication] [           main] o.apache.catalina.core.StandardService   : Starting service [Tomcat]
2026-03-27T12:07:30.312+05:30  INFO 17200 --- [FoundryApplication] [           main] o.apache.catalina.core.StandardEngine    : Starting Servlet engine: [Apache Tomcat/11.0.18]
2026-03-27T12:07:30.369+05:30  INFO 17200 --- [FoundryApplication] [           main] b.w.c.s.WebApplicationContextInitializer : Root WebApplicationContext: initialization completed in 2069 ms
2026-03-27T12:07:30.684+05:30 DEBUG 17200 --- [FoundryApplication] [           main] o.f.c.i.s.classpath.ClassPathScanner     : Scanning for classpath resources at 'classpath:db/callback' ...
2026-03-27T12:07:30.685+05:30 DEBUG 17200 --- [FoundryApplication] [           main] o.f.c.i.s.classpath.ClassPathScanner     : Determining location urls for classpath:db/callback using ClassLoader jdk.internal.loader.ClassLoaders$AppClassLoader@70dea4e ...
2026-03-27T12:07:30.685+05:30 DEBUG 17200 --- [FoundryApplication] [           main] o.f.c.i.s.classpath.ClassPathScanner     : Unable to resolve location classpath:db/callback.
2026-03-27T12:07:30.685+05:30 DEBUG 17200 --- [FoundryApplication] [           main] o.f.c.i.s.classpath.ClassPathScanner     : Scanning for classpath resources at 'classpath:db/migration' ...
2026-03-27T12:07:30.686+05:30 DEBUG 17200 --- [FoundryApplication] [           main] o.f.c.i.s.classpath.ClassPathScanner     : Determining location urls for classpath:db/migration using ClassLoader jdk.internal.loader.ClassLoaders$AppClassLoader@70dea4e ...
2026-03-27T12:07:30.686+05:30 DEBUG 17200 --- [FoundryApplication] [           main] o.f.c.i.s.classpath.ClassPathScanner     : Scanning URL: file:/C:/Foundry_ERP/Foundry_Single_ERP/target/classes/db/migration
2026-03-27T12:07:30.688+05:30 DEBUG 17200 --- [FoundryApplication] [           main] i.s.c.FileSystemClassPathLocationScanner : Scanning starting at classpath root in filesystem: C:\Foundry_ERP\Foundry_Single_ERP\target\classes\
2026-03-27T12:07:30.688+05:30 DEBUG 17200 --- [FoundryApplication] [           main] i.s.c.FileSystemClassPathLocationScanner : Scanning for resources in path: C:\Foundry_ERP\Foundry_Single_ERP\target\classes\db\migration (db/migration)
2026-03-27T12:07:30.690+05:30 DEBUG 17200 --- [FoundryApplication] [           main] o.f.c.i.s.classpath.ClassPathScanner     : Found resource: db/migration/V10__fix_user_id_types.sql
2026-03-27T12:07:30.690+05:30 DEBUG 17200 --- [FoundryApplication] [           main] o.f.c.i.s.classpath.ClassPathScanner     : Found resource: db/migration/V11__add_audit_columns_to_ledger.sql
2026-03-27T12:07:30.691+05:30 DEBUG 17200 --- [FoundryApplication] [           main] o.f.c.i.s.classpath.ClassPathScanner     : Found resource: db/migration/V12__create_furnace_report_and_orders.sql
2026-03-27T12:07:30.691+05:30 DEBUG 17200 --- [FoundryApplication] [           main] o.f.c.i.s.classpath.ClassPathScanner     : Found resource: db/migration/V13__add_order_type_to_orders_furnace_heats.sql
2026-03-27T12:07:30.691+05:30 DEBUG 17200 --- [FoundryApplication] [           main] o.f.c.i.s.classpath.ClassPathScanner     : Found resource: db/migration/V14__create_billing_module.sql
2026-03-27T12:07:30.691+05:30 DEBUG 17200 --- [FoundryApplication] [           main] o.f.c.i.s.classpath.ClassPathScanner     : Found resource: db/migration/V15__create_payments_table.sql
2026-03-27T12:07:30.691+05:30 DEBUG 17200 --- [FoundryApplication] [           main] o.f.c.i.s.classpath.ClassPathScanner     : Found resource: db/migration/V16__create_expenses_module.sql
2026-03-27T12:07:30.691+05:30 DEBUG 17200 --- [FoundryApplication] [           main] o.f.c.i.s.classpath.ClassPathScanner     : Found resource: db/migration/V17__create_stock_adjustment_tables.sql
2026-03-27T12:07:30.692+05:30 DEBUG 17200 --- [FoundryApplication] [           main] o.f.c.i.s.classpath.ClassPathScanner     : Found resource: db/migration/V18__create_labor_management_module.sql
2026-03-27T12:07:30.692+05:30 DEBUG 17200 --- [FoundryApplication] [           main] o.f.c.i.s.classpath.ClassPathScanner     : Found resource: db/migration/V19__create_production_module.sql
2026-03-27T12:07:30.692+05:30 DEBUG 17200 --- [FoundryApplication] [           main] o.f.c.i.s.classpath.ClassPathScanner     : Found resource: db/migration/V1__create_security_tables.sql
2026-03-27T12:07:30.692+05:30 DEBUG 17200 --- [FoundryApplication] [           main] o.f.c.i.s.classpath.ClassPathScanner     : Found resource: db/migration/V2__create_customer_table.sql
2026-03-27T12:07:30.692+05:30 DEBUG 17200 --- [FoundryApplication] [           main] o.f.c.i.s.classpath.ClassPathScanner     : Found resource: db/migration/V3__create_enquiry_tables_and_pattern.sql
2026-03-27T12:07:30.693+05:30 DEBUG 17200 --- [FoundryApplication] [           main] o.f.c.i.s.classpath.ClassPathScanner     : Found resource: db/migration/V4__create_quotation_tables.sql
2026-03-27T12:07:30.693+05:30 DEBUG 17200 --- [FoundryApplication] [           main] o.f.c.i.s.classpath.ClassPathScanner     : Found resource: db/migration/V5__inventory_master.sql
2026-03-27T12:07:30.693+05:30 DEBUG 17200 --- [FoundryApplication] [           main] o.f.c.i.s.classpath.ClassPathScanner     : Found resource: db/migration/V6__purchase_orders.sql
2026-03-27T12:07:30.693+05:30 DEBUG 17200 --- [FoundryApplication] [           main] o.f.c.i.s.classpath.ClassPathScanner     : Found resource: db/migration/V7__material_inward.sql
2026-03-27T12:07:30.694+05:30 DEBUG 17200 --- [FoundryApplication] [           main] o.f.c.i.s.classpath.ClassPathScanner     : Found resource: db/migration/V8__material_issue.sql
2026-03-27T12:07:30.694+05:30 DEBUG 17200 --- [FoundryApplication] [           main] o.f.c.i.s.classpath.ClassPathScanner     : Found resource: db/migration/V9__vendor_ledger.sql
2026-03-27T12:07:30.694+05:30 DEBUG 17200 --- [FoundryApplication] [           main] o.f.c.i.s.classpath.ClassPathScanner     : Scanning for classpath resources at 'classpath:db/migration' ...
2026-03-27T12:07:30.695+05:30 DEBUG 17200 --- [FoundryApplication] [           main] o.f.c.i.s.classpath.ClassPathScanner     : Determining location urls for classpath:db/migration using ClassLoader jdk.internal.loader.ClassLoaders$AppClassLoader@70dea4e ...
2026-03-27T12:07:30.695+05:30 DEBUG 17200 --- [FoundryApplication] [           main] o.f.c.i.s.classpath.ClassPathScanner     : Scanning URL: file:/C:/Foundry_ERP/Foundry_Single_ERP/target/classes/db/migration
2026-03-27T12:07:30.695+05:30 DEBUG 17200 --- [FoundryApplication] [           main] o.f.c.i.s.classpath.ClassPathScanner     : Found resource: db/migration/V10__fix_user_id_types.sql
2026-03-27T12:07:30.695+05:30 DEBUG 17200 --- [FoundryApplication] [           main] o.f.c.i.s.classpath.ClassPathScanner     : Found resource: db/migration/V11__add_audit_columns_to_ledger.sql
2026-03-27T12:07:30.696+05:30 DEBUG 17200 --- [FoundryApplication] [           main] o.f.c.i.s.classpath.ClassPathScanner     : Found resource: db/migration/V12__create_furnace_report_and_orders.sql
2026-03-27T12:07:30.696+05:30 DEBUG 17200 --- [FoundryApplication] [           main] o.f.c.i.s.classpath.ClassPathScanner     : Found resource: db/migration/V13__add_order_type_to_orders_furnace_heats.sql
2026-03-27T12:07:30.696+05:30 DEBUG 17200 --- [FoundryApplication] [           main] o.f.c.i.s.classpath.ClassPathScanner     : Found resource: db/migration/V14__create_billing_module.sql
2026-03-27T12:07:30.696+05:30 DEBUG 17200 --- [FoundryApplication] [           main] o.f.c.i.s.classpath.ClassPathScanner     : Found resource: db/migration/V15__create_payments_table.sql
2026-03-27T12:07:30.696+05:30 DEBUG 17200 --- [FoundryApplication] [           main] o.f.c.i.s.classpath.ClassPathScanner     : Found resource: db/migration/V16__create_expenses_module.sql
2026-03-27T12:07:30.697+05:30 DEBUG 17200 --- [FoundryApplication] [           main] o.f.c.i.s.classpath.ClassPathScanner     : Found resource: db/migration/V17__create_stock_adjustment_tables.sql
2026-03-27T12:07:30.697+05:30 DEBUG 17200 --- [FoundryApplication] [           main] o.f.c.i.s.classpath.ClassPathScanner     : Found resource: db/migration/V18__create_labor_management_module.sql
2026-03-27T12:07:30.697+05:30 DEBUG 17200 --- [FoundryApplication] [           main] o.f.c.i.s.classpath.ClassPathScanner     : Found resource: db/migration/V19__create_production_module.sql
2026-03-27T12:07:30.697+05:30 DEBUG 17200 --- [FoundryApplication] [           main] o.f.c.i.s.classpath.ClassPathScanner     : Found resource: db/migration/V1__create_security_tables.sql
2026-03-27T12:07:30.697+05:30 DEBUG 17200 --- [FoundryApplication] [           main] o.f.c.i.s.classpath.ClassPathScanner     : Found resource: db/migration/V2__create_customer_table.sql
2026-03-27T12:07:30.698+05:30 DEBUG 17200 --- [FoundryApplication] [           main] o.f.c.i.s.classpath.ClassPathScanner     : Found resource: db/migration/V3__create_enquiry_tables_and_pattern.sql
2026-03-27T12:07:30.698+05:30 DEBUG 17200 --- [FoundryApplication] [           main] o.f.c.i.s.classpath.ClassPathScanner     : Found resource: db/migration/V4__create_quotation_tables.sql
2026-03-27T12:07:30.698+05:30 DEBUG 17200 --- [FoundryApplication] [           main] o.f.c.i.s.classpath.ClassPathScanner     : Found resource: db/migration/V5__inventory_master.sql
2026-03-27T12:07:30.698+05:30 DEBUG 17200 --- [FoundryApplication] [           main] o.f.c.i.s.classpath.ClassPathScanner     : Found resource: db/migration/V6__purchase_orders.sql
2026-03-27T12:07:30.698+05:30 DEBUG 17200 --- [FoundryApplication] [           main] o.f.c.i.s.classpath.ClassPathScanner     : Found resource: db/migration/V7__material_inward.sql
2026-03-27T12:07:30.698+05:30 DEBUG 17200 --- [FoundryApplication] [           main] o.f.c.i.s.classpath.ClassPathScanner     : Found resource: db/migration/V8__material_issue.sql
2026-03-27T12:07:30.698+05:30 DEBUG 17200 --- [FoundryApplication] [           main] o.f.c.i.s.classpath.ClassPathScanner     : Found resource: db/migration/V9__vendor_ledger.sql
2026-03-27T12:07:30.699+05:30 DEBUG 17200 --- [FoundryApplication] [           main] o.f.c.i.s.classpath.ClassPathScanner     : Scanning for classes at classpath:db/migration
2026-03-27T12:07:30.701+05:30  INFO 17200 --- [FoundryApplication] [           main] com.zaxxer.hikari.HikariDataSource       : HikariPool-1 - Starting...
2026-03-27T12:07:30.840+05:30  INFO 17200 --- [FoundryApplication] [           main] com.zaxxer.hikari.pool.HikariPool        : HikariPool-1 - Added connection org.postgresql.jdbc.PgConnection@5ae87de0
2026-03-27T12:07:30.842+05:30  INFO 17200 --- [FoundryApplication] [           main] com.zaxxer.hikari.HikariDataSource       : HikariPool-1 - Start completed.
2026-03-27T12:07:30.859+05:30 DEBUG 17200 --- [FoundryApplication] [           main] o.f.c.i.resource.ResourceNameValidator   : Validating V10__fix_user_id_types.sql
2026-03-27T12:07:30.859+05:30 DEBUG 17200 --- [FoundryApplication] [           main] o.f.c.i.resource.ResourceNameValidator   : Validating V15__create_payments_table.sql
2026-03-27T12:07:30.860+05:30 DEBUG 17200 --- [FoundryApplication] [           main] o.f.c.i.resource.ResourceNameValidator   : Validating V4__create_quotation_tables.sql
2026-03-27T12:07:30.860+05:30 DEBUG 17200 --- [FoundryApplication] [           main] o.f.c.i.resource.ResourceNameValidator   : Validating V6__purchase_orders.sql
2026-03-27T12:07:30.860+05:30 DEBUG 17200 --- [FoundryApplication] [           main] o.f.c.i.resource.ResourceNameValidator   : Validating V14__create_billing_module.sql
2026-03-27T12:07:30.860+05:30 DEBUG 17200 --- [FoundryApplication] [           main] o.f.c.i.resource.ResourceNameValidator   : Validating V8__material_issue.sql
2026-03-27T12:07:30.861+05:30 DEBUG 17200 --- [FoundryApplication] [           main] o.f.c.i.resource.ResourceNameValidator   : Validating V9__vendor_ledger.sql
2026-03-27T12:07:30.861+05:30 DEBUG 17200 --- [FoundryApplication] [           main] o.f.c.i.resource.ResourceNameValidator   : Validating V13__add_order_type_to_orders_furnace_heats.sql
2026-03-27T12:07:30.861+05:30 DEBUG 17200 --- [FoundryApplication] [           main] o.f.c.i.resource.ResourceNameValidator   : Validating V1__create_security_tables.sql
2026-03-27T12:07:30.861+05:30 DEBUG 17200 --- [FoundryApplication] [           main] o.f.c.i.resource.ResourceNameValidator   : Validating V3__create_enquiry_tables_and_pattern.sql
2026-03-27T12:07:30.861+05:30 DEBUG 17200 --- [FoundryApplication] [           main] o.f.c.i.resource.ResourceNameValidator   : Validating V12__create_furnace_report_and_orders.sql
2026-03-27T12:07:30.861+05:30 DEBUG 17200 --- [FoundryApplication] [           main] o.f.c.i.resource.ResourceNameValidator   : Validating V17__create_stock_adjustment_tables.sql
2026-03-27T12:07:30.861+05:30 DEBUG 17200 --- [FoundryApplication] [           main] o.f.c.i.resource.ResourceNameValidator   : Validating V19__create_production_module.sql
2026-03-27T12:07:30.862+05:30 DEBUG 17200 --- [FoundryApplication] [           main] o.f.c.i.resource.ResourceNameValidator   : Validating V7__material_inward.sql
2026-03-27T12:07:30.862+05:30 DEBUG 17200 --- [FoundryApplication] [           main] o.f.c.i.resource.ResourceNameValidator   : Validating V5__inventory_master.sql
2026-03-27T12:07:30.862+05:30 DEBUG 17200 --- [FoundryApplication] [           main] o.f.c.i.resource.ResourceNameValidator   : Validating V11__add_audit_columns_to_ledger.sql
2026-03-27T12:07:30.862+05:30 DEBUG 17200 --- [FoundryApplication] [           main] o.f.c.i.resource.ResourceNameValidator   : Validating V16__create_expenses_module.sql
2026-03-27T12:07:30.863+05:30 DEBUG 17200 --- [FoundryApplication] [           main] o.f.c.i.resource.ResourceNameValidator   : Validating V18__create_labor_management_module.sql
2026-03-27T12:07:30.863+05:30 DEBUG 17200 --- [FoundryApplication] [           main] o.f.c.i.resource.ResourceNameValidator   : Validating V2__create_customer_table.sql
2026-03-27T12:07:30.867+05:30 DEBUG 17200 --- [FoundryApplication] [           main] o.f.c.i.database.DatabaseTypeRegister    : Multiple databases found that handle url 'jdbc:postgresql://localhost:9090/Foundry_Single_ERP?useSSL=false': CockroachDB,PostgreSQL
2026-03-27T12:07:30.868+05:30  INFO 17200 --- [FoundryApplication] [           main] org.flywaydb.core.FlywayExecutor         : Database: jdbc:postgresql://localhost:9090/Foundry_Single_ERP?useSSL=false (PostgreSQL 18.1)
2026-03-27T12:07:30.868+05:30 DEBUG 17200 --- [FoundryApplication] [           main] org.flywaydb.core.FlywayExecutor         : Database Type: PostgreSQL
2026-03-27T12:07:30.868+05:30 DEBUG 17200 --- [FoundryApplication] [           main] org.flywaydb.core.FlywayExecutor         : Driver: PostgreSQL JDBC Driver 42.7.10
2026-03-27T12:07:30.869+05:30 DEBUG 17200 --- [FoundryApplication] [           main] org.flywaydb.core.FlywayExecutor         : DDL Transactions Supported: true
2026-03-27T12:07:30.870+05:30 DEBUG 17200 --- [FoundryApplication] [           main] o.f.c.i.s.SchemaHistoryFactory           : Schemas: 
2026-03-27T12:07:30.870+05:30 DEBUG 17200 --- [FoundryApplication] [           main] o.f.c.i.s.SchemaHistoryFactory           : Default schema: null
2026-03-27T12:07:30.880+05:30 DEBUG 17200 --- [FoundryApplication] [           main] org.flywaydb.core.FlywayExecutor         : Scanning for script callbacks ...
2026-03-27T12:07:30.883+05:30 DEBUG 17200 --- [FoundryApplication] [           main] o.f.c.i.c.SqlScriptCallbackFactory       : Scanning for SQL callbacks ...
2026-03-27T12:07:30.890+05:30 DEBUG 17200 --- [FoundryApplication] [           main] o.f.core.internal.command.DbValidate     : Validating migrations ...
2026-03-27T12:07:30.893+05:30 DEBUG 17200 --- [FoundryApplication] [           main] o.f.c.a.c.ClassicConfiguration           : CherryPickConfigurationExtension not found
2026-03-27T12:07:30.908+05:30 DEBUG 17200 --- [FoundryApplication] [           main] o.f.core.internal.scanner.Scanner        : Filtering out resource: db/migration/V10__fix_user_id_types.sql (filename: V10__fix_user_id_types.sql)
2026-03-27T12:07:30.909+05:30 DEBUG 17200 --- [FoundryApplication] [           main] o.f.core.internal.scanner.Scanner        : Filtering out resource: db/migration/V15__create_payments_table.sql (filename: V15__create_payments_table.sql)
2026-03-27T12:07:30.910+05:30 DEBUG 17200 --- [FoundryApplication] [           main] o.f.core.internal.scanner.Scanner        : Filtering out resource: db/migration/V4__create_quotation_tables.sql (filename: V4__create_quotation_tables.sql)
2026-03-27T12:07:30.910+05:30 DEBUG 17200 --- [FoundryApplication] [           main] o.f.core.internal.scanner.Scanner        : Filtering out resource: db/migration/V6__purchase_orders.sql (filename: V6__purchase_orders.sql)
2026-03-27T12:07:30.910+05:30 DEBUG 17200 --- [FoundryApplication] [           main] o.f.core.internal.scanner.Scanner        : Filtering out resource: db/migration/V14__create_billing_module.sql (filename: V14__create_billing_module.sql)
2026-03-27T12:07:30.910+05:30 DEBUG 17200 --- [FoundryApplication] [           main] o.f.core.internal.scanner.Scanner        : Filtering out resource: db/migration/V8__material_issue.sql (filename: V8__material_issue.sql)
2026-03-27T12:07:30.910+05:30 DEBUG 17200 --- [FoundryApplication] [           main] o.f.core.internal.scanner.Scanner        : Filtering out resource: db/migration/V9__vendor_ledger.sql (filename: V9__vendor_ledger.sql)
2026-03-27T12:07:30.910+05:30 DEBUG 17200 --- [FoundryApplication] [           main] o.f.core.internal.scanner.Scanner        : Filtering out resource: db/migration/V13__add_order_type_to_orders_furnace_heats.sql (filename: V13__add_order_type_to_orders_furnace_heats.sql)
2026-03-27T12:07:30.910+05:30 DEBUG 17200 --- [FoundryApplication] [           main] o.f.core.internal.scanner.Scanner        : Filtering out resource: db/migration/V1__create_security_tables.sql (filename: V1__create_security_tables.sql)
2026-03-27T12:07:30.911+05:30 DEBUG 17200 --- [FoundryApplication] [           main] o.f.core.internal.scanner.Scanner        : Filtering out resource: db/migration/V3__create_enquiry_tables_and_pattern.sql (filename: V3__create_enquiry_tables_and_pattern.sql)
2026-03-27T12:07:30.911+05:30 DEBUG 17200 --- [FoundryApplication] [           main] o.f.core.internal.scanner.Scanner        : Filtering out resource: db/migration/V12__create_furnace_report_and_orders.sql (filename: V12__create_furnace_report_and_orders.sql)
2026-03-27T12:07:30.911+05:30 DEBUG 17200 --- [FoundryApplication] [           main] o.f.core.internal.scanner.Scanner        : Filtering out resource: db/migration/V17__create_stock_adjustment_tables.sql (filename: V17__create_stock_adjustment_tables.sql)
2026-03-27T12:07:30.911+05:30 DEBUG 17200 --- [FoundryApplication] [           main] o.f.core.internal.scanner.Scanner        : Filtering out resource: db/migration/V19__create_production_module.sql (filename: V19__create_production_module.sql)
2026-03-27T12:07:30.911+05:30 DEBUG 17200 --- [FoundryApplication] [           main] o.f.core.internal.scanner.Scanner        : Filtering out resource: db/migration/V7__material_inward.sql (filename: V7__material_inward.sql)
2026-03-27T12:07:30.911+05:30 DEBUG 17200 --- [FoundryApplication] [           main] o.f.core.internal.scanner.Scanner        : Filtering out resource: db/migration/V5__inventory_master.sql (filename: V5__inventory_master.sql)
2026-03-27T12:07:30.912+05:30 DEBUG 17200 --- [FoundryApplication] [           main] o.f.core.internal.scanner.Scanner        : Filtering out resource: db/migration/V11__add_audit_columns_to_ledger.sql (filename: V11__add_audit_columns_to_ledger.sql)
2026-03-27T12:07:30.912+05:30 DEBUG 17200 --- [FoundryApplication] [           main] o.f.core.internal.scanner.Scanner        : Filtering out resource: db/migration/V16__create_expenses_module.sql (filename: V16__create_expenses_module.sql)
2026-03-27T12:07:30.912+05:30 DEBUG 17200 --- [FoundryApplication] [           main] o.f.core.internal.scanner.Scanner        : Filtering out resource: db/migration/V18__create_labor_management_module.sql (filename: V18__create_labor_management_module.sql)
2026-03-27T12:07:30.912+05:30 DEBUG 17200 --- [FoundryApplication] [           main] o.f.core.internal.scanner.Scanner        : Filtering out resource: db/migration/V2__create_customer_table.sql (filename: V2__create_customer_table.sql)
2026-03-27T12:07:30.913+05:30 DEBUG 17200 --- [FoundryApplication] [           main] o.f.core.internal.scanner.Scanner        : Filtering out resource: db/migration/V10__fix_user_id_types.sql (filename: V10__fix_user_id_types.sql)
2026-03-27T12:07:30.913+05:30 DEBUG 17200 --- [FoundryApplication] [           main] o.f.core.internal.scanner.Scanner        : Filtering out resource: db/migration/V15__create_payments_table.sql (filename: V15__create_payments_table.sql)
2026-03-27T12:07:30.913+05:30 DEBUG 17200 --- [FoundryApplication] [           main] o.f.core.internal.scanner.Scanner        : Filtering out resource: db/migration/V4__create_quotation_tables.sql (filename: V4__create_quotation_tables.sql)
2026-03-27T12:07:30.913+05:30 DEBUG 17200 --- [FoundryApplication] [           main] o.f.core.internal.scanner.Scanner        : Filtering out resource: db/migration/V6__purchase_orders.sql (filename: V6__purchase_orders.sql)
2026-03-27T12:07:30.913+05:30 DEBUG 17200 --- [FoundryApplication] [           main] o.f.core.internal.scanner.Scanner        : Filtering out resource: db/migration/V14__create_billing_module.sql (filename: V14__create_billing_module.sql)
2026-03-27T12:07:30.914+05:30 DEBUG 17200 --- [FoundryApplication] [           main] o.f.core.internal.scanner.Scanner        : Filtering out resource: db/migration/V8__material_issue.sql (filename: V8__material_issue.sql)
2026-03-27T12:07:30.914+05:30 DEBUG 17200 --- [FoundryApplication] [           main] o.f.core.internal.scanner.Scanner        : Filtering out resource: db/migration/V9__vendor_ledger.sql (filename: V9__vendor_ledger.sql)
2026-03-27T12:07:30.914+05:30 DEBUG 17200 --- [FoundryApplication] [           main] o.f.core.internal.scanner.Scanner        : Filtering out resource: db/migration/V13__add_order_type_to_orders_furnace_heats.sql (filename: V13__add_order_type_to_orders_furnace_heats.sql)
2026-03-27T12:07:30.914+05:30 DEBUG 17200 --- [FoundryApplication] [           main] o.f.core.internal.scanner.Scanner        : Filtering out resource: db/migration/V1__create_security_tables.sql (filename: V1__create_security_tables.sql)
2026-03-27T12:07:30.914+05:30 DEBUG 17200 --- [FoundryApplication] [           main] o.f.core.internal.scanner.Scanner        : Filtering out resource: db/migration/V3__create_enquiry_tables_and_pattern.sql (filename: V3__create_enquiry_tables_and_pattern.sql)
2026-03-27T12:07:30.914+05:30 DEBUG 17200 --- [FoundryApplication] [           main] o.f.core.internal.scanner.Scanner        : Filtering out resource: db/migration/V12__create_furnace_report_and_orders.sql (filename: V12__create_furnace_report_and_orders.sql)
2026-03-27T12:07:30.915+05:30 DEBUG 17200 --- [FoundryApplication] [           main] o.f.core.internal.scanner.Scanner        : Filtering out resource: db/migration/V17__create_stock_adjustment_tables.sql (filename: V17__create_stock_adjustment_tables.sql)
2026-03-27T12:07:30.915+05:30 DEBUG 17200 --- [FoundryApplication] [           main] o.f.core.internal.scanner.Scanner        : Filtering out resource: db/migration/V19__create_production_module.sql (filename: V19__create_production_module.sql)
2026-03-27T12:07:30.915+05:30 DEBUG 17200 --- [FoundryApplication] [           main] o.f.core.internal.scanner.Scanner        : Filtering out resource: db/migration/V7__material_inward.sql (filename: V7__material_inward.sql)
2026-03-27T12:07:30.915+05:30 DEBUG 17200 --- [FoundryApplication] [           main] o.f.core.internal.scanner.Scanner        : Filtering out resource: db/migration/V5__inventory_master.sql (filename: V5__inventory_master.sql)
2026-03-27T12:07:30.915+05:30 DEBUG 17200 --- [FoundryApplication] [           main] o.f.core.internal.scanner.Scanner        : Filtering out resource: db/migration/V11__add_audit_columns_to_ledger.sql (filename: V11__add_audit_columns_to_ledger.sql)
2026-03-27T12:07:30.915+05:30 DEBUG 17200 --- [FoundryApplication] [           main] o.f.core.internal.scanner.Scanner        : Filtering out resource: db/migration/V16__create_expenses_module.sql (filename: V16__create_expenses_module.sql)
2026-03-27T12:07:30.916+05:30 DEBUG 17200 --- [FoundryApplication] [           main] o.f.core.internal.scanner.Scanner        : Filtering out resource: db/migration/V18__create_labor_management_module.sql (filename: V18__create_labor_management_module.sql)
2026-03-27T12:07:30.916+05:30 DEBUG 17200 --- [FoundryApplication] [           main] o.f.core.internal.scanner.Scanner        : Filtering out resource: db/migration/V2__create_customer_table.sql (filename: V2__create_customer_table.sql)
2026-03-27T12:07:30.917+05:30 DEBUG 17200 --- [FoundryApplication] [           main] o.f.core.internal.scanner.Scanner        : Filtering out resource: db/migration/V10__fix_user_id_types.sql (filename: V10__fix_user_id_types.sql)
2026-03-27T12:07:30.917+05:30 DEBUG 17200 --- [FoundryApplication] [           main] o.f.core.internal.scanner.Scanner        : Filtering out resource: db/migration/V15__create_payments_table.sql (filename: V15__create_payments_table.sql)
2026-03-27T12:07:30.918+05:30 DEBUG 17200 --- [FoundryApplication] [           main] o.f.core.internal.scanner.Scanner        : Filtering out resource: db/migration/V4__create_quotation_tables.sql (filename: V4__create_quotation_tables.sql)
2026-03-27T12:07:30.918+05:30 DEBUG 17200 --- [FoundryApplication] [           main] o.f.core.internal.scanner.Scanner        : Filtering out resource: db/migration/V6__purchase_orders.sql (filename: V6__purchase_orders.sql)
2026-03-27T12:07:30.918+05:30 DEBUG 17200 --- [FoundryApplication] [           main] o.f.core.internal.scanner.Scanner        : Filtering out resource: db/migration/V14__create_billing_module.sql (filename: V14__create_billing_module.sql)
2026-03-27T12:07:30.918+05:30 DEBUG 17200 --- [FoundryApplication] [           main] o.f.core.internal.scanner.Scanner        : Filtering out resource: db/migration/V8__material_issue.sql (filename: V8__material_issue.sql)
2026-03-27T12:07:30.918+05:30 DEBUG 17200 --- [FoundryApplication] [           main] o.f.core.internal.scanner.Scanner        : Filtering out resource: db/migration/V9__vendor_ledger.sql (filename: V9__vendor_ledger.sql)
2026-03-27T12:07:30.919+05:30 DEBUG 17200 --- [FoundryApplication] [           main] o.f.core.internal.scanner.Scanner        : Filtering out resource: db/migration/V13__add_order_type_to_orders_furnace_heats.sql (filename: V13__add_order_type_to_orders_furnace_heats.sql)
2026-03-27T12:07:30.919+05:30 DEBUG 17200 --- [FoundryApplication] [           main] o.f.core.internal.scanner.Scanner        : Filtering out resource: db/migration/V1__create_security_tables.sql (filename: V1__create_security_tables.sql)
2026-03-27T12:07:30.919+05:30 DEBUG 17200 --- [FoundryApplication] [           main] o.f.core.internal.scanner.Scanner        : Filtering out resource: db/migration/V3__create_enquiry_tables_and_pattern.sql (filename: V3__create_enquiry_tables_and_pattern.sql)
2026-03-27T12:07:30.919+05:30 DEBUG 17200 --- [FoundryApplication] [           main] o.f.core.internal.scanner.Scanner        : Filtering out resource: db/migration/V12__create_furnace_report_and_orders.sql (filename: V12__create_furnace_report_and_orders.sql)
2026-03-27T12:07:30.919+05:30 DEBUG 17200 --- [FoundryApplication] [           main] o.f.core.internal.scanner.Scanner        : Filtering out resource: db/migration/V17__create_stock_adjustment_tables.sql (filename: V17__create_stock_adjustment_tables.sql)
2026-03-27T12:07:30.919+05:30 DEBUG 17200 --- [FoundryApplication] [           main] o.f.core.internal.scanner.Scanner        : Filtering out resource: db/migration/V19__create_production_module.sql (filename: V19__create_production_module.sql)
2026-03-27T12:07:30.919+05:30 DEBUG 17200 --- [FoundryApplication] [           main] o.f.core.internal.scanner.Scanner        : Filtering out resource: db/migration/V7__material_inward.sql (filename: V7__material_inward.sql)
2026-03-27T12:07:30.920+05:30 DEBUG 17200 --- [FoundryApplication] [           main] o.f.core.internal.scanner.Scanner        : Filtering out resource: db/migration/V5__inventory_master.sql (filename: V5__inventory_master.sql)
2026-03-27T12:07:30.920+05:30 DEBUG 17200 --- [FoundryApplication] [           main] o.f.core.internal.scanner.Scanner        : Filtering out resource: db/migration/V11__add_audit_columns_to_ledger.sql (filename: V11__add_audit_columns_to_ledger.sql)
2026-03-27T12:07:30.920+05:30 DEBUG 17200 --- [FoundryApplication] [           main] o.f.core.internal.scanner.Scanner        : Filtering out resource: db/migration/V16__create_expenses_module.sql (filename: V16__create_expenses_module.sql)
2026-03-27T12:07:30.920+05:30 DEBUG 17200 --- [FoundryApplication] [           main] o.f.core.internal.scanner.Scanner        : Filtering out resource: db/migration/V18__create_labor_management_module.sql (filename: V18__create_labor_management_module.sql)
2026-03-27T12:07:30.920+05:30 DEBUG 17200 --- [FoundryApplication] [           main] o.f.core.internal.scanner.Scanner        : Filtering out resource: db/migration/V2__create_customer_table.sql (filename: V2__create_customer_table.sql)
2026-03-27T12:07:30.920+05:30 DEBUG 17200 --- [FoundryApplication] [           main] o.f.core.internal.scanner.Scanner        : Filtering out resource: db/migration/V10__fix_user_id_types.sql (filename: V10__fix_user_id_types.sql)
2026-03-27T12:07:30.920+05:30 DEBUG 17200 --- [FoundryApplication] [           main] o.f.core.internal.scanner.Scanner        : Filtering out resource: db/migration/V15__create_payments_table.sql (filename: V15__create_payments_table.sql)
2026-03-27T12:07:30.920+05:30 DEBUG 17200 --- [FoundryApplication] [           main] o.f.core.internal.scanner.Scanner        : Filtering out resource: db/migration/V4__create_quotation_tables.sql (filename: V4__create_quotation_tables.sql)
2026-03-27T12:07:30.921+05:30 DEBUG 17200 --- [FoundryApplication] [           main] o.f.core.internal.scanner.Scanner        : Filtering out resource: db/migration/V6__purchase_orders.sql (filename: V6__purchase_orders.sql)
2026-03-27T12:07:30.921+05:30 DEBUG 17200 --- [FoundryApplication] [           main] o.f.core.internal.scanner.Scanner        : Filtering out resource: db/migration/V14__create_billing_module.sql (filename: V14__create_billing_module.sql)
2026-03-27T12:07:30.921+05:30 DEBUG 17200 --- [FoundryApplication] [           main] o.f.core.internal.scanner.Scanner        : Filtering out resource: db/migration/V8__material_issue.sql (filename: V8__material_issue.sql)
2026-03-27T12:07:30.921+05:30 DEBUG 17200 --- [FoundryApplication] [           main] o.f.core.internal.scanner.Scanner        : Filtering out resource: db/migration/V9__vendor_ledger.sql (filename: V9__vendor_ledger.sql)
2026-03-27T12:07:30.921+05:30 DEBUG 17200 --- [FoundryApplication] [           main] o.f.core.internal.scanner.Scanner        : Filtering out resource: db/migration/V13__add_order_type_to_orders_furnace_heats.sql (filename: V13__add_order_type_to_orders_furnace_heats.sql)
2026-03-27T12:07:30.921+05:30 DEBUG 17200 --- [FoundryApplication] [           main] o.f.core.internal.scanner.Scanner        : Filtering out resource: db/migration/V1__create_security_tables.sql (filename: V1__create_security_tables.sql)
2026-03-27T12:07:30.921+05:30 DEBUG 17200 --- [FoundryApplication] [           main] o.f.core.internal.scanner.Scanner        : Filtering out resource: db/migration/V3__create_enquiry_tables_and_pattern.sql (filename: V3__create_enquiry_tables_and_pattern.sql)
2026-03-27T12:07:30.922+05:30 DEBUG 17200 --- [FoundryApplication] [           main] o.f.core.internal.scanner.Scanner        : Filtering out resource: db/migration/V12__create_furnace_report_and_orders.sql (filename: V12__create_furnace_report_and_orders.sql)
2026-03-27T12:07:30.922+05:30 DEBUG 17200 --- [FoundryApplication] [           main] o.f.core.internal.scanner.Scanner        : Filtering out resource: db/migration/V17__create_stock_adjustment_tables.sql (filename: V17__create_stock_adjustment_tables.sql)
2026-03-27T12:07:30.922+05:30 DEBUG 17200 --- [FoundryApplication] [           main] o.f.core.internal.scanner.Scanner        : Filtering out resource: db/migration/V19__create_production_module.sql (filename: V19__create_production_module.sql)
2026-03-27T12:07:30.922+05:30 DEBUG 17200 --- [FoundryApplication] [           main] o.f.core.internal.scanner.Scanner        : Filtering out resource: db/migration/V7__material_inward.sql (filename: V7__material_inward.sql)
2026-03-27T12:07:30.922+05:30 DEBUG 17200 --- [FoundryApplication] [           main] o.f.core.internal.scanner.Scanner        : Filtering out resource: db/migration/V5__inventory_master.sql (filename: V5__inventory_master.sql)
2026-03-27T12:07:30.922+05:30 DEBUG 17200 --- [FoundryApplication] [           main] o.f.core.internal.scanner.Scanner        : Filtering out resource: db/migration/V11__add_audit_columns_to_ledger.sql (filename: V11__add_audit_columns_to_ledger.sql)
2026-03-27T12:07:30.922+05:30 DEBUG 17200 --- [FoundryApplication] [           main] o.f.core.internal.scanner.Scanner        : Filtering out resource: db/migration/V16__create_expenses_module.sql (filename: V16__create_expenses_module.sql)
2026-03-27T12:07:30.923+05:30 DEBUG 17200 --- [FoundryApplication] [           main] o.f.core.internal.scanner.Scanner        : Filtering out resource: db/migration/V18__create_labor_management_module.sql (filename: V18__create_labor_management_module.sql)
2026-03-27T12:07:30.923+05:30 DEBUG 17200 --- [FoundryApplication] [           main] o.f.core.internal.scanner.Scanner        : Filtering out resource: db/migration/V2__create_customer_table.sql (filename: V2__create_customer_table.sql)
2026-03-27T12:07:30.939+05:30  INFO 17200 --- [FoundryApplication] [           main] o.f.core.internal.command.DbValidate     : Successfully validated 19 migrations (execution time 00:00.047s)
2026-03-27T12:07:30.942+05:30 DEBUG 17200 --- [FoundryApplication] [           main] o.f.core.internal.command.DbSchemas      : Skipping creation of existing schema: "public"
2026-03-27T12:07:30.990+05:30 DEBUG 17200 --- [FoundryApplication] [           main] o.f.c.a.c.ClassicConfiguration           : CherryPickConfigurationExtension not found
2026-03-27T12:07:30.991+05:30  INFO 17200 --- [FoundryApplication] [           main] o.f.core.internal.command.DbMigrate      : Current version of schema "public": 19
2026-03-27T12:07:30.994+05:30  INFO 17200 --- [FoundryApplication] [           main] o.f.core.internal.command.DbMigrate      : Schema "public" is up to date. No migration necessary.
2026-03-27T12:07:31.000+05:30 DEBUG 17200 --- [FoundryApplication] [           main] org.flywaydb.core.FlywayExecutor         : Memory usage: 36 of 116M
2026-03-27T12:07:31.159+05:30  INFO 17200 --- [FoundryApplication] [           main] org.hibernate.orm.jpa                    : HHH008540: Processing PersistenceUnitInfo [name: default]
2026-03-27T12:07:31.203+05:30  INFO 17200 --- [FoundryApplication] [           main] org.hibernate.orm.core                   : HHH000001: Hibernate ORM core version 7.2.4.Final
2026-03-27T12:07:31.586+05:30  INFO 17200 --- [FoundryApplication] [           main] o.s.o.j.p.SpringPersistenceUnitInfo      : No LoadTimeWeaver setup: ignoring JPA class transformer
2026-03-27T12:07:31.662+05:30  INFO 17200 --- [FoundryApplication] [           main] org.hibernate.orm.connections.pooling    : HHH10001005: Database info:
	Database JDBC URL [jdbc:postgresql://localhost:9090/Foundry_Single_ERP?useSSL=false]
	Database driver: PostgreSQL JDBC Driver
	Database dialect: PostgreSQLDialect
	Database version: 18.1
	Default catalog/schema: Foundry_Single_ERP/public
	Autocommit mode: undefined/unknown
	Isolation level: READ_COMMITTED [default READ_COMMITTED]
	JDBC fetch size: none
	Pool: DataSourceConnectionProvider
	Minimum pool size: undefined/unknown
	Maximum pool size: undefined/unknown
2026-03-27T12:07:32.956+05:30  INFO 17200 --- [FoundryApplication] [           main] org.hibernate.orm.core                   : HHH000489: No JTA platform available (set 'hibernate.transaction.jta.platform' to enable JTA platform integration)
2026-03-27T12:07:33.216+05:30  INFO 17200 --- [FoundryApplication] [           main] j.LocalContainerEntityManagerFactoryBean : Initialized JPA EntityManagerFactory for persistence unit 'default'
2026-03-27T12:07:33.285+05:30  INFO 17200 --- [FoundryApplication] [           main] o.s.d.j.r.query.QueryEnhancerFactories   : Hibernate is in classpath; If applicable, HQL parser will be used.
2026-03-27T12:07:33.503+05:30  INFO 17200 --- [FoundryApplication] [           main] eAuthenticationProviderManagerConfigurer : Global AuthenticationManager configured with AuthenticationProvider bean with name authenticationProvider
2026-03-27T12:07:33.504+05:30  WARN 17200 --- [FoundryApplication] [           main] r$InitializeUserDetailsManagerConfigurer : Global AuthenticationManager configured with an AuthenticationProvider bean. UserDetailsService beans will not be used by Spring Security for automatically configuring username/password login. Consider removing the AuthenticationProvider bean. Alternatively, consider using the UserDetailsService in a manually instantiated DaoAuthenticationProvider. If the current configuration is intentional, to turn off this warning, increase the logging level of 'org.springframework.security.config.annotation.authentication.configuration.InitializeUserDetailsBeanManagerConfigurer' to ERROR
2026-03-27T12:07:36.929+05:30  INFO 17200 --- [FoundryApplication] [           main] o.s.b.a.e.web.EndpointLinksResolver      : Exposing 1 endpoint beneath base path '/actuator'
2026-03-27T12:07:36.999+05:30  INFO 17200 --- [FoundryApplication] [           main] o.s.boot.tomcat.TomcatWebServer          : Tomcat started on port 8081 (http) with context path '/'
2026-03-27T12:07:37.007+05:30  INFO 17200 --- [FoundryApplication] [           main] c.kalibyte.foundry.FoundryApplication    : Started FoundryApplication in 9.201 seconds (process running for 9.604)
Hibernate: 
    select
        r1_0.id,
        r1_0.description,
        r1_0.name 
    from
        role r1_0 
    where
        r1_0.name=?
Hibernate: 
    select
        r1_0.id,
        r1_0.description,
        r1_0.name 
    from
        role r1_0 
    where
        r1_0.name=?
Hibernate: 
    select
        r1_0.id,
        r1_0.description,
        r1_0.name 
    from
        role r1_0 
    where
        r1_0.name=?
Hibernate: 
    select
        r1_0.id,
        r1_0.description,
        r1_0.name 
    from
        role r1_0 
    where
        r1_0.name=?
Hibernate: 
    select
        r1_0.id,
        r1_0.description,
        r1_0.name 
    from
        role r1_0 
    where
        r1_0.name=?
Hibernate: 
    select
        r1_0.id,
        r1_0.description,
        r1_0.name 
    from
        role r1_0 
    where
        r1_0.name=?
Hibernate: 
    select
        count(*) 
    from
        role r1_0
2026-03-27T12:07:37.189+05:30  INFO 17200 --- [FoundryApplication] [           main] c.k.f.auth.bootstrap.RoleBootstrap       : Role seeding complete. Total roles: 6
Hibernate: 
    select
        count(*) 
    from
        users u1_0 
    where
        (
            u1_0.deleted = false
        )
2026-03-27T12:07:37.193+05:30  INFO 17200 --- [FoundryApplication] [           main] c.k.f.auth.bootstrap.AdminBootstrap      : Users already exist. Skipping ADMIN bootstrap.
Hibernate: 
    select
        count(*) 
    from
        expense_heads eh1_0
2026-03-27T12:07:37.197+05:30  WARN 17200 --- [FoundryApplication] [           main] o.s.core.events.SpringDocAppInitializer  : SpringDoc /v3/api-docs endpoint is enabled by default. To disable it in production, set the property 'springdoc.api-docs.enabled=false'
2026-03-27T12:07:37.198+05:30  WARN 17200 --- [FoundryApplication] [           main] o.s.core.events.SpringDocAppInitializer  : SpringDoc /swagger-ui.html endpoint is enabled by default. To disable it in production, set the property 'springdoc.swagger-ui.enabled=false'
